app/(tabs)/index.tsx(2,51): error TS2307: Cannot find module 'lucide-react' or its corresponding type declarations.
app/(tabs)/index.tsx(3,31): error TS2307: Cannot find module '../../context/NavigationContext' or its corresponding type declarations.
app/(tabs)/index.tsx(4,10): error TS2305: Module '"../../utils/helpers.ts"' has no exported member 'getFoodBadge'.
app/(tabs)/index.tsx(4,24): error TS2305: Module '"../../utils/helpers.ts"' has no exported member 'formatDistance'.
app/(tabs)/index.tsx(4,40): error TS2305: Module '"../../utils/helpers.ts"' has no exported member 'formatTimeLeft'.
app/(tabs)/index.tsx(4,56): error TS2305: Module '"../../utils/helpers.ts"' has no exported member 'FoodStatus'.
app/(tabs)/index.tsx(4,74): error TS5097: An import path can only end with a '.ts' extension when 'allowImportingTsExtensions' is enabled.
app/food/[id].tsx(2,87): error TS2307: Cannot find module 'lucide-react' or its corresponding type declarations.
app/food/[id].tsx(3,31): error TS2307: Cannot find module '../../context/NavigationContext' or its corresponding type declarations.
app/food/[id].tsx(4,10): error TS2305: Module '"../../components/ui/Button"' has no exported member 'Button'.
app/food/[id].tsx(6,10): error TS2305: Module '"../../utils/helpers.ts"' has no exported member 'formatDistance'.
app/food/[id].tsx(6,26): error TS2305: Module '"../../utils/helpers.ts"' has no exported member 'formatTimeLeft'.
app/food/[id].tsx(6,42): error TS2305: Module '"../../utils/helpers.ts"' has no exported member 'formatDate'.
app/food/[id].tsx(6,60): error TS5097: An import path can only end with a '.ts' extension when 'allowImportingTsExtensions' is enabled.
app/food/[id].tsx(114,15): error TS2322: Type '{ initial: { opacity: number; }; animate: { opacity: number; }; exit: { opacity: number; }; className: string; onClick: () => void; }' is not assignable to type 'IntrinsicAttributes & HTMLAttributesWithoutMotionProps<unknown, unknown> & MotionProps & RefAttributes<unknown>'.
  Property 'className' does not exist on type 'IntrinsicAttributes & HTMLAttributesWithoutMotionProps<unknown, unknown> & MotionProps & RefAttributes<unknown>'.
app/food/[id].tsx(117,14): error TS2322: Type '{ children: Element[]; initial: { y: string; }; animate: { y: number; }; exit: { y: string; }; transition: { type: "spring"; damping: number; stiffness: number; }; className: string; }' is not assignable to type 'IntrinsicAttributes & HTMLAttributesWithoutMotionProps<unknown, unknown> & MotionProps & RefAttributes<unknown>'.
  Property 'children' does not exist on type 'IntrinsicAttributes & HTMLAttributesWithoutMotionProps<unknown, unknown> & MotionProps & RefAttributes<unknown>'.
app/onboarding.tsx(4,10): error TS2305: Module '"../components/ui/Button"' has no exported member 'Button'.
app/onboarding.tsx(41,26): error TS2322: Type '{ children: Element; mode: string; }' is not assignable to type 'IntrinsicAttributes & AnimatePresenceProps & { children?: ReactNode; }'.
  Property 'mode' does not exist on type 'IntrinsicAttributes & AnimatePresenceProps & { children?: ReactNode; }'.
app/onboarding.tsx(44,13): error TS2322: Type '{ key: number; src: string; initial: { opacity: number; x: number; }; animate: { opacity: number; x: number; }; exit: { opacity: number; x: number; }; className: string; }' is not assignable to type 'IntrinsicAttributes & HTMLAttributesWithoutMotionProps<unknown, unknown> & MotionProps & RefAttributes<unknown>'.
  Property 'src' does not exist on type 'IntrinsicAttributes & HTMLAttributesWithoutMotionProps<unknown, unknown> & MotionProps & RefAttributes<unknown>'.
app/onboarding.tsx(62,26): error TS2322: Type '{ children: Element; mode: string; }' is not assignable to type 'IntrinsicAttributes & AnimatePresenceProps & { children?: ReactNode; }'.
  Property 'mode' does not exist on type 'IntrinsicAttributes & AnimatePresenceProps & { children?: ReactNode; }'.
app/onboarding.tsx(63,12): error TS2322: Type '{ children: Element[]; key: number; initial: { opacity: number; y: number; }; animate: { opacity: number; y: number; }; exit: { opacity: number; y: number; }; className: string; }' is not assignable to type 'IntrinsicAttributes & HTMLAttributesWithoutMotionProps<unknown, unknown> & MotionProps & RefAttributes<unknown>'.
  Property 'children' does not exist on type 'IntrinsicAttributes & HTMLAttributesWithoutMotionProps<unknown, unknown> & MotionProps & RefAttributes<unknown>'.
